
package a

import (
	"fmt"
	"strconv"
)

type MyAliasErr error

type MyCustomError struct{}

func (mc *MyCustomError) Error() string {
	return "error"
}

func doSomething() error {
	return nil
}

func doSmthManyArgs(a, b, c, d int) error {
	return nil
}

func doSmthMultipleReturn() (bool, error) {
	return false, nil
}

func doMyAliasErr() MyAliasErr {
	return nil
}

func doMyCustomErr() *MyCustomError {
	return &MyCustomError{}
}

func valid() error {
	err := doSomething() // ok
	if err != nil {
		return err
	}

	err = doSmthManyArgs(0, 0, 0, 0) // ok
	if err != nil {
		return err
	}

	_, err = doSmthMultipleReturn() // ok
	if err != nil {
		return err
	}

	if ok, _ := strconv.ParseBool("1"); ok {
		fmt.Println("ok")
	}

	return nil
}

func invalid() error {
	err := doSomething()
    if err != nil { // want "avoid inline error handling using `if err := ...; err != nil`; use plain assignment `err := ...`"
		return err
	}

	err := doSmthManyArgs(0,
		0,
		0,
		0,
	)
    if err != nil {
		return err
	}

	if _, err := doSmthMultipleReturn(); err != nil { // want "avoid inline error handling using `if err := ...; err != nil`; use plain assignment `err := ...`"
		_ = false
		return err
	}

	err := doMyAliasErr()
    if err != nil { // want "avoid inline error handling using `if err := ...; err != nil`; use plain assignment `err := ...`"
		return err
	}

	err := doMyCustomErr()
    if err != nil { // want "avoid inline error handling using `if err := ...; err != nil`; use plain assignment `err := ...`"
		return err
	}
    
    return nil
}

func errShadow() error {
	var err error
	if err := doSomething(); err != nil { // want "avoid inline error handling using `if err := ...; err != nil`; use plain assignment `err := ...`"
		return err
	}
	fmt.Println(err)

	return nil
}

func naming() error {
    otherName := doSomething()
    if otherName != nil { // want "avoid inline error handling using `if err := ...; err != nil`; use plain assignment `err := ...`"
        return otherName
    }

    return nil
}
